------------------------------------------------------------
TimeQuest Timing Analyzer Summary
------------------------------------------------------------

Type  : Slow 1200mV 85C Model Setup 'ALU_Sel[1]'
Slack : -3.346
TNS   : -33.567

Type  : Slow 1200mV 85C Model Setup 'Clock'
Slack : -2.665
TNS   : -78.271

Type  : Slow 1200mV 85C Model Hold 'ALU_Sel[1]'
Slack : 0.258
TNS   : 0.000

Type  : Slow 1200mV 85C Model Hold 'Clock'
Slack : 0.378
TNS   : 0.000

Type  : Slow 1200mV 85C Model Minimum Pulse Width 'Clock'
Slack : -3.000
TNS   : -47.000

Type  : Slow 1200mV 85C Model Minimum Pulse Width 'ALU_Sel[1]'
Slack : -3.000
TNS   : -3.000

Type  : Slow 1200mV 0C Model Setup 'ALU_Sel[1]'
Slack : -2.905
TNS   : -29.018

Type  : Slow 1200mV 0C Model Setup 'Clock'
Slack : -2.305
TNS   : -65.412

Type  : Slow 1200mV 0C Model Hold 'ALU_Sel[1]'
Slack : 0.253
TNS   : 0.000

Type  : Slow 1200mV 0C Model Hold 'Clock'
Slack : 0.336
TNS   : 0.000

Type  : Slow 1200mV 0C Model Minimum Pulse Width 'Clock'
Slack : -3.000
TNS   : -47.000

Type  : Slow 1200mV 0C Model Minimum Pulse Width 'ALU_Sel[1]'
Slack : -3.000
TNS   : -3.000

Type  : Fast 1200mV 0C Model Setup 'ALU_Sel[1]'
Slack : -1.536
TNS   : -14.951

Type  : Fast 1200mV 0C Model Setup 'Clock'
Slack : -1.135
TNS   : -26.129

Type  : Fast 1200mV 0C Model Hold 'ALU_Sel[1]'
Slack : 0.111
TNS   : 0.000

Type  : Fast 1200mV 0C Model Hold 'Clock'
Slack : 0.199
TNS   : 0.000

Type  : Fast 1200mV 0C Model Minimum Pulse Width 'Clock'
Slack : -3.000
TNS   : -50.064

Type  : Fast 1200mV 0C Model Minimum Pulse Width 'ALU_Sel[1]'
Slack : -3.000
TNS   : -3.000

------------------------------------------------------------
